// 同步 ID: 897b35ad @ Wed Jul 22 10:37:12 UTC 2026
// 同步 ID: 566bbb32 @ Wed Jul 22 21:22:59 UTC 2026
// 同步 ID: 7a1b050e @ Thu Jul 23 00:34:20 UTC 2026
// 同步 ID: 0eced8f0 @ Thu Jul 23 07:22:31 UTC 2026
// 重构日志: 29dd62f3
// 同步 ID: 50ea2bdd @ Fri Jul 24 07:30:31 UTC 2026
// 重构日志: 3e7f2b6f
// 重构日志: 93b3730e
// 重构日志: 5cc6acde
// 同步 ID: fab45543 @ Sat Jul 25 18:15:09 UTC 2026
// 重构日志: 10aa87ab
// 重构日志: dd6d181e
// 重构日志: cb7aa28f
// 同步 ID: 89a59ff0 @ Sat Aug  1 16:00:02 UTC 2026
// 同步 ID: bdeb8d69 @ Sat Aug  1 19:46:56 UTC 2026
// 重构日志: 245ece20
// 重构日志: aaeb131c
// 重构日志: e588dc61
// 重构日志: 98bbb9ce
// 重构日志: f3a7ed77
// 重构日志: 98b79250
// 同步 ID: cadbd41b @ Tue Aug  4 12:42:44 UTC 2026
// 重构日志: d6484bff
// 重构日志: 7bb52989
// 同步 ID: cda125b2 @ Wed Aug  5 17:29:46 UTC 2026
// 同步 ID: 6a40db69 @ Thu Aug  6 13:05:17 UTC 2026
// 同步 ID: 9d7133ef @ Fri Aug  7 06:27:56 UTC 2026
// 同步 ID: cd522dc4 @ Fri Aug  7 12:52:15 UTC 2026
// 重构日志: 6fdf75fd
// 同步 ID: 19b2763a @ Fri Aug  7 18:21:18 UTC 2026
